
> taseer-ayurved@0.0.0 build
> vite build

[36mvite v6.4.1 [32mbuilding for production...[36m[39m
transforming...
[32mΓ£ô[39m 2012 modules transformed.
rendering chunks...
computing gzip size...
[2mdist/[22m[32mindex.html                 [39m[1m[2m  1.31 kB[22m[1m[22m[2m Γöé gzip:   0.71 kB[22m
[2mdist/[22m[35massets/index-CDAKoJpw.css  [39m[1m[2m 44.27 kB[22m[1m[22m[2m Γöé gzip:   8.26 kB[22m
[2mdist/[22m[36massets/index-CLPJ95Oc.js   [39m[1m[33m589.95 kB[39m[22m[2m Γöé gzip: 185.44 kB[22m
node.exe : [33m
At C:\Program 
Files\nodejs\npm.ps1:29 
char:3
+   & $NODE_EXE 
$NPM_CLI_JS $args
+   ~~~~~~~~~~~~~~~~~~~~~~~
~~~~~~
    + CategoryInfo         
     : NotSpecified: ([3  
  3m:String) [], RemoteE   
 xception
    + FullyQualifiedErrorI 
   d : NativeCommandError
 
(!) Some chunks are larger 
than 500 kB after 
minification. Consider:
- Using dynamic import() 
to code-split the 
application
- Use build.rollupOptions.o
utput.manualChunks to 
improve chunking: https://r
ollupjs.org/configuration-o
ptions/#output-manualchunks
- Adjust chunk size limit 
for this warning via build.
chunkSizeWarningLimit.[39m
[32mΓ£ô built in 6.20s[39m
